
+---------N----------+
|                    |
|                    |
|                    |
|                    |
W                    E
|                    |
|                    |
|                    |
|                    |
+--------S-----------+
You are standing at the Foyer.
There is nothing in this room.

>>> EAST


+------------------+
|                    |
|                    |
|                    |
|                    |
|                    EE
|                    |
|                    |
|                    |
|                    |
+--------------------+
You are standing at the Parlour.
A book sits guarded by a snake.

>>> GRAB BOOK 

The snake bites at you.
