
+---------N---------+
|                    |
|                    |
|                    |
|                    |
W                    E
|                    |
|                    |
|                    |
|                    |
+--------S-----------+
You are standing at the Foyer.
There is nothing here.

>>> S


+--------------------+
|                    |
|                    |
|                    |
|                    |
|                    |
|                    |
|                    |
|                    |
|                    |
+--------SS----------+
You are standing at the Entrance.
There is nothing here.
